
  ___  ____  ____  ____  ____ (R)
 /__    /   ____/   /   ____/
___/   /   /___/   /   /___/   14.2   Copyright 1985-2015 StataCorp LP
  Statistics/Data Analysis            StataCorp
                                      4905 Lakeway Drive
     MP - Parallel Edition            College Station, Texas 77845 USA
                                      800-STATA-PC        http://www.stata.com
                                      979-696-4600        stata@stata.com
                                      979-696-4601 (fax)

18-user 8-core Stata network perpetual license:
       Serial number:  501406201034
         Licensed to:  National Bureau of Economic Research
                       Cambridge, MA 02138

Notes:
      1.  Stata is running in batch mode.
      2.  Unicode is supported; see help unicode_advice.
      3.  More than 2 billion observations are allowed; see help obs_advice.
      4.  Maximum number of variables is set to 5000; see help set_maxvar.


running /disk/admin/Linux-local/stata14/sysprofile.do ...

. do 04_Identify_NIH_Grants.do 

. /****************************************************************************
> *******
> File        : 2_Identify_NIH_Grants_P2_data.do
> Authors     : Alice Ndikumana
> Created     : 14 Jul 2016
> Modified    : 26 Jul 2016
> Description : Identifies NIH grant numbers from the indicator variable in the
> Cortellis Clinical Trials dataset
> *****************************************************************************
> ******/
. 
. do setup.do

. global raw = "../data/raw"

. global interim = "../data/interim"

. global processed = "../data/processed"

. 
end of do-file

. 
. use "$interim/P2_Clinical_Trial_Starts_1995-2015_allvars.dta"
file ../data/interim/P2_Clinical_Trial_Starts_1995-2015_allvars.dta not found
r(601);

end of do-file
r(601);
